{"compiled_output":"+-----------------------------------------------------------------------------+\n| Strataregula                                                                |\n+------ Layered Configuration Management with Strata Rules Architecture ------+\n{\n  \"direct_mapping\": {},\n  \"component_mapping\": {\n  \"web\": {\n    \"timeout\": 30,\n    \"retries\": 3\n  }\n},\n  \"metadata\": {\n  \"expansion_rules_count\": 6,\n  \"total_patterns\": 1,\n  \"cache_size\": 1,\n  \"hierarchy\": {\n    \"regions\": 6,\n    \"prefectures\": 47,\n    \"cities\": 0,\n    \"services\": 6,\n    \"roles\": 5\n  },\n  \"provenance\": {\n    \"timestamp\": \"2025-09-06T00:01:34.792922+00:00\",\n    \"version\": \"0.1.0\",\n    \"input_files\": [\n      \"C:\\\\Users\\\\uraka\\\\AppData\\\\Local\\\\Temp\\\\tmplxf9mapx.yaml\"\n    ],\n    \"execution_fingerprint\": \"520a1b84d9cc1f0d06c1690a049fe8e1\",\n    \"performance_stats\": {\n      \"compilation_time_seconds\": 0.0007233619689941406,\n      \"peak_memory_mb\": 0,\n      \"patterns_processed\": 1,\n      \"cache_size\": 1\n    }\n  }\n},\n  \"generated_at\": \"2025-09-06T00:01:34.792922+00:00\",\n  \"fingerprint\": \"520a1b84d9cc1f0d06c1690a049fe8e1\"\n}"}